ошибок нет